// Jest Snapshot v1, https://goo.gl/fbAQLP

exports[`Edit secret field form component should render correctly 1`] = `
<FieldProviderComponent
  isDisabled={false}
  label="foo"
  setEditMode={[MockFunction]}
>
  <Component />
</FieldProviderComponent>
`;
