// Jest Snapshot v1, https://goo.gl/fbAQLP

exports[`Main menu test should render correctly 1`] = `
<MainMenu
  menu={
    Array [
      Object {
        "active": true,
        "href": "/dashboard/maintab/?tab=vi",
        "iconClass": "fa fa-dashboard",
        "id": "vi",
        "items": Array [
          Object {
            "active": true,
            "href": "/dashboard/show",
            "iconClass": null,
            "id": "dashboard",
            "items": Array [],
            "title": "Dashboard",
            "type": "modal",
            "visible": true,
          },
          Object {
            "active": false,
            "href": "/chargeback/explorer",
            "iconClass": null,
            "id": "chargeback",
            "items": Array [],
            "title": "Chargeback",
            "type": "big_iframe",
            "visible": true,
          },
        ],
        "title": "Cloud Intel",
        "type": "default",
        "visible": true,
      },
      Object {
        "active": false,
        "href": "/dashboard/maintab/?tab=compute",
        "iconClass": "pficon pficon-cpu",
        "id": "compute",
        "items": Array [
          Object {
            "active": false,
            "href": "/dashboard/maintab/?tab=clo",
            "iconClass": "fa fa-plus",
            "id": "clo",
            "items": Array [
              Object {
                "active": true,
                "href": "/ems_cloud/show_list",
                "iconClass": null,
                "id": "ems_cloud",
                "items": Array [],
                "title": "Providers",
                "type": "new_window",
                "visible": true,
              },
              Object {
                "active": false,
                "href": "/availability_zone/show_list",
                "iconClass": null,
                "id": "availability_zone",
                "items": Array [],
                "title": "Availability Zones",
                "type": "default",
                "visible": true,
              },
              Object {
                "active": false,
                "href": "/host_aggregate/show_list",
                "iconClass": null,
                "id": "host_aggregate",
                "items": Array [],
                "title": "Host Aggregates",
                "type": "new_window",
                "visible": false,
              },
            ],
            "title": "Clouds",
            "type": "new_window",
            "visible": true,
          },
        ],
        "title": "Compute",
        "type": "new_window",
        "visible": true,
      },
    ]
  }
>
  <Grid
    bsClass="container"
    componentClass="div"
    fluid={false}
  >
    <div
      className="container"
    >
      <div
        className="nav-pf-vertical nav-pf-vertical-with-sub-menus nav-pf-vertical-collapsible-menus"
        id="main-menu"
        onMouseLeave={[Function]}
      >
        <ul
          className="list-group"
          id="maintab"
        >
          <MenuItem
            active={true}
            handleSetActiveIds={[Function]}
            href="/dashboard/maintab/?tab=vi"
            iconClass="fa fa-dashboard"
            id="vi"
            items={
              Array [
                Object {
                  "active": true,
                  "href": "/dashboard/show",
                  "iconClass": null,
                  "id": "dashboard",
                  "items": Array [],
                  "title": "Dashboard",
                  "type": "modal",
                  "visible": true,
                },
                Object {
                  "active": false,
                  "href": "/chargeback/explorer",
                  "iconClass": null,
                  "id": "chargeback",
                  "items": Array [],
                  "title": "Chargeback",
                  "type": "big_iframe",
                  "visible": true,
                },
              ]
            }
            key="vi"
            level={0}
            title="Cloud Intel"
            type="default"
            visible={true}
          >
            <TopLevel
              active={true}
              handleSetActiveIds={[Function]}
              href="/dashboard/maintab/?tab=vi"
              iconClass="fa fa-dashboard"
              id="vi"
              items={
                Array [
                  Object {
                    "active": true,
                    "href": "/dashboard/show",
                    "iconClass": null,
                    "id": "dashboard",
                    "items": Array [],
                    "title": "Dashboard",
                    "type": "modal",
                    "visible": true,
                  },
                  Object {
                    "active": false,
                    "href": "/chargeback/explorer",
                    "iconClass": null,
                    "id": "chargeback",
                    "items": Array [],
                    "title": "Chargeback",
                    "type": "big_iframe",
                    "visible": true,
                  },
                ]
              }
              level={0}
              title="Cloud Intel"
              type="default"
              visible={true}
            >
              <li
                className="menu-list-group-item secondary-nav-item-pf active"
                id="menu_section_vi"
                onBlur={[Function]}
                onMouseEnter={[Function]}
              >
                <a
                  className="top-level-item"
                  href="/dashboard/maintab/?tab=vi"
                  onClick={[Function]}
                  target="_self"
                >
                  <span />
                  <span
                    className="list-group-item-value"
                  >
                    Cloud Intel
                  </span>
                </a>
                <div
                  className="nav-pf-secondary-nav"
                  id="menu-vi"
                >
                  <div
                    className="nav-item-pf-header"
                  >
                    <a
                      className="top-level-item"
                    >
                      <span>
                        Cloud Intel
                      </span>
                    </a>
                  </div>
                  <ul
                    className="list-group"
                  >
                    <MenuItem
                      active={true}
                      handleSetActiveIds={[Function]}
                      href="/dashboard/show"
                      iconClass={null}
                      id="dashboard"
                      items={Array []}
                      key="dashboard"
                      level={1}
                      title="Dashboard"
                      type="modal"
                      visible={true}
                    >
                      <SecondLevel
                        active={true}
                        handleSetActiveIds={[Function]}
                        href="/dashboard/show"
                        iconClass={null}
                        id="dashboard"
                        items={Array []}
                        level={1}
                        title="Dashboard"
                        type="modal"
                        visible={true}
                      >
                        <li
                          className="menu-list-group-item active"
                          id="menu_item_dashboard"
                          onMouseEnter={[Function]}
                          onMouseLeave={[Function]}
                        >
                          <a
                            onClick={[Function]}
                            target="_self"
                          >
                            <span
                              className="list-group-item-value"
                            >
                              Dashboard
                            </span>
                          </a>
                          <div
                            className="nav-pf-tertiary-nav"
                          >
                            <div
                              className="nav-item-pf-header"
                            >
                              <a>
                                <span>
                                  Dashboard
                                </span>
                              </a>
                            </div>
                          </div>
                        </li>
                      </SecondLevel>
                    </MenuItem>
                    <MenuItem
                      active={false}
                      handleSetActiveIds={[Function]}
                      href="/chargeback/explorer"
                      iconClass={null}
                      id="chargeback"
                      items={Array []}
                      key="chargeback"
                      level={1}
                      title="Chargeback"
                      type="big_iframe"
                      visible={true}
                    >
                      <SecondLevel
                        active={false}
                        handleSetActiveIds={[Function]}
                        href="/chargeback/explorer"
                        iconClass={null}
                        id="chargeback"
                        items={Array []}
                        level={1}
                        title="Chargeback"
                        type="big_iframe"
                        visible={true}
                      >
                        <li
                          className="menu-list-group-item"
                          id="menu_item_chargeback"
                          onMouseEnter={[Function]}
                          onMouseLeave={[Function]}
                        >
                          <a
                            href="/dashboard/iframe?id=chargeback"
                            onClick={[Function]}
                            target="_self"
                          >
                            <span
                              className="list-group-item-value"
                            >
                              Chargeback
                            </span>
                          </a>
                          <div
                            className="nav-pf-tertiary-nav"
                          >
                            <div
                              className="nav-item-pf-header"
                            >
                              <a>
                                <span>
                                  Chargeback
                                </span>
                              </a>
                            </div>
                          </div>
                        </li>
                      </SecondLevel>
                    </MenuItem>
                  </ul>
                </div>
              </li>
            </TopLevel>
          </MenuItem>
          <MenuItem
            active={false}
            handleSetActiveIds={[Function]}
            href="/dashboard/maintab/?tab=compute"
            iconClass="pficon pficon-cpu"
            id="compute"
            items={
              Array [
                Object {
                  "active": false,
                  "href": "/dashboard/maintab/?tab=clo",
                  "iconClass": "fa fa-plus",
                  "id": "clo",
                  "items": Array [
                    Object {
                      "active": true,
                      "href": "/ems_cloud/show_list",
                      "iconClass": null,
                      "id": "ems_cloud",
                      "items": Array [],
                      "title": "Providers",
                      "type": "new_window",
                      "visible": true,
                    },
                    Object {
                      "active": false,
                      "href": "/availability_zone/show_list",
                      "iconClass": null,
                      "id": "availability_zone",
                      "items": Array [],
                      "title": "Availability Zones",
                      "type": "default",
                      "visible": true,
                    },
                    Object {
                      "active": false,
                      "href": "/host_aggregate/show_list",
                      "iconClass": null,
                      "id": "host_aggregate",
                      "items": Array [],
                      "title": "Host Aggregates",
                      "type": "new_window",
                      "visible": false,
                    },
                  ],
                  "title": "Clouds",
                  "type": "new_window",
                  "visible": true,
                },
              ]
            }
            key="compute"
            level={0}
            title="Compute"
            type="new_window"
            visible={true}
          >
            <TopLevel
              active={false}
              handleSetActiveIds={[Function]}
              href="/dashboard/maintab/?tab=compute"
              iconClass="pficon pficon-cpu"
              id="compute"
              items={
                Array [
                  Object {
                    "active": false,
                    "href": "/dashboard/maintab/?tab=clo",
                    "iconClass": "fa fa-plus",
                    "id": "clo",
                    "items": Array [
                      Object {
                        "active": true,
                        "href": "/ems_cloud/show_list",
                        "iconClass": null,
                        "id": "ems_cloud",
                        "items": Array [],
                        "title": "Providers",
                        "type": "new_window",
                        "visible": true,
                      },
                      Object {
                        "active": false,
                        "href": "/availability_zone/show_list",
                        "iconClass": null,
                        "id": "availability_zone",
                        "items": Array [],
                        "title": "Availability Zones",
                        "type": "default",
                        "visible": true,
                      },
                      Object {
                        "active": false,
                        "href": "/host_aggregate/show_list",
                        "iconClass": null,
                        "id": "host_aggregate",
                        "items": Array [],
                        "title": "Host Aggregates",
                        "type": "new_window",
                        "visible": false,
                      },
                    ],
                    "title": "Clouds",
                    "type": "new_window",
                    "visible": true,
                  },
                ]
              }
              level={0}
              title="Compute"
              type="new_window"
              visible={true}
            >
              <li
                className="menu-list-group-item secondary-nav-item-pf"
                id="menu_section_compute"
                onBlur={[Function]}
                onMouseEnter={[Function]}
              >
                <a
                  className="top-level-item"
                  href="/dashboard/maintab/?tab=compute"
                  onClick={[Function]}
                  target="_blank"
                >
                  <span />
                  <span
                    className="list-group-item-value"
                  >
                    Compute
                  </span>
                </a>
                <div
                  className="nav-pf-secondary-nav"
                  id="menu-compute"
                >
                  <div
                    className="nav-item-pf-header"
                  >
                    <a
                      className="top-level-item"
                    >
                      <span>
                        Compute
                      </span>
                    </a>
                  </div>
                  <ul
                    className="list-group"
                  >
                    <MenuItem
                      active={false}
                      handleSetActiveIds={[Function]}
                      href="/dashboard/maintab/?tab=clo"
                      iconClass="fa fa-plus"
                      id="clo"
                      items={
                        Array [
                          Object {
                            "active": true,
                            "href": "/ems_cloud/show_list",
                            "iconClass": null,
                            "id": "ems_cloud",
                            "items": Array [],
                            "title": "Providers",
                            "type": "new_window",
                            "visible": true,
                          },
                          Object {
                            "active": false,
                            "href": "/availability_zone/show_list",
                            "iconClass": null,
                            "id": "availability_zone",
                            "items": Array [],
                            "title": "Availability Zones",
                            "type": "default",
                            "visible": true,
                          },
                          Object {
                            "active": false,
                            "href": "/host_aggregate/show_list",
                            "iconClass": null,
                            "id": "host_aggregate",
                            "items": Array [],
                            "title": "Host Aggregates",
                            "type": "new_window",
                            "visible": false,
                          },
                        ]
                      }
                      key="clo"
                      level={1}
                      title="Clouds"
                      type="new_window"
                      visible={true}
                    >
                      <SecondLevel
                        active={false}
                        handleSetActiveIds={[Function]}
                        href="/dashboard/maintab/?tab=clo"
                        iconClass="fa fa-plus"
                        id="clo"
                        items={
                          Array [
                            Object {
                              "active": true,
                              "href": "/ems_cloud/show_list",
                              "iconClass": null,
                              "id": "ems_cloud",
                              "items": Array [],
                              "title": "Providers",
                              "type": "new_window",
                              "visible": true,
                            },
                            Object {
                              "active": false,
                              "href": "/availability_zone/show_list",
                              "iconClass": null,
                              "id": "availability_zone",
                              "items": Array [],
                              "title": "Availability Zones",
                              "type": "default",
                              "visible": true,
                            },
                            Object {
                              "active": false,
                              "href": "/host_aggregate/show_list",
                              "iconClass": null,
                              "id": "host_aggregate",
                              "items": Array [],
                              "title": "Host Aggregates",
                              "type": "new_window",
                              "visible": false,
                            },
                          ]
                        }
                        level={1}
                        title="Clouds"
                        type="new_window"
                        visible={true}
                      >
                        <li
                          className="menu-list-group-item tertiary-nav-item-pf"
                          id="menu_section_clo"
                          onMouseEnter={[Function]}
                          onMouseLeave={[Function]}
                        >
                          <a
                            href="/dashboard/maintab/?tab=clo"
                            onClick={[Function]}
                            target="_blank"
                          >
                            <span
                              className="list-group-item-value"
                            >
                              Clouds
                            </span>
                          </a>
                          <div
                            className="nav-pf-tertiary-nav"
                          >
                            <div
                              className="nav-item-pf-header"
                            >
                              <a>
                                <span>
                                  Clouds
                                </span>
                              </a>
                            </div>
                            <ul
                              className="list-group"
                            >
                              <MenuItem
                                active={true}
                                href="/ems_cloud/show_list"
                                iconClass={null}
                                id="ems_cloud"
                                items={Array []}
                                key="ems_cloud"
                                level={2}
                                title="Providers"
                                type="new_window"
                                visible={true}
                              >
                                <ThirdLevel
                                  active={true}
                                  href="/ems_cloud/show_list"
                                  iconClass={null}
                                  id="ems_cloud"
                                  items={Array []}
                                  level={2}
                                  title="Providers"
                                  type="new_window"
                                  visible={true}
                                >
                                  <li
                                    className="menu-list-group-item active"
                                    id="menu_item_ems_cloud"
                                  >
                                    <a
                                      href="/ems_cloud/show_list"
                                      onClick={[Function]}
                                      target="_blank"
                                    >
                                      <span
                                        className="list-group-item-value"
                                      >
                                        Providers
                                      </span>
                                    </a>
                                  </li>
                                </ThirdLevel>
                              </MenuItem>
                              <MenuItem
                                active={false}
                                href="/availability_zone/show_list"
                                iconClass={null}
                                id="availability_zone"
                                items={Array []}
                                key="availability_zone"
                                level={2}
                                title="Availability Zones"
                                type="default"
                                visible={true}
                              >
                                <ThirdLevel
                                  active={false}
                                  href="/availability_zone/show_list"
                                  iconClass={null}
                                  id="availability_zone"
                                  items={Array []}
                                  level={2}
                                  title="Availability Zones"
                                  type="default"
                                  visible={true}
                                >
                                  <li
                                    className="menu-list-group-item"
                                    id="menu_item_availability_zone"
                                  >
                                    <a
                                      href="/availability_zone/show_list"
                                      onClick={[Function]}
                                      target="_self"
                                    >
                                      <span
                                        className="list-group-item-value"
                                      >
                                        Availability Zones
                                      </span>
                                    </a>
                                  </li>
                                </ThirdLevel>
                              </MenuItem>
                              <MenuItem
                                active={false}
                                href="/host_aggregate/show_list"
                                iconClass={null}
                                id="host_aggregate"
                                items={Array []}
                                key="host_aggregate"
                                level={2}
                                title="Host Aggregates"
                                type="new_window"
                                visible={false}
                              >
                                <ThirdLevel
                                  active={false}
                                  href="/host_aggregate/show_list"
                                  iconClass={null}
                                  id="host_aggregate"
                                  items={Array []}
                                  level={2}
                                  title="Host Aggregates"
                                  type="new_window"
                                  visible={false}
                                />
                              </MenuItem>
                            </ul>
                          </div>
                        </li>
                      </SecondLevel>
                    </MenuItem>
                  </ul>
                </div>
              </li>
            </TopLevel>
          </MenuItem>
        </ul>
      </div>
    </div>
  </Grid>
</MainMenu>
`;
